// Jest Snapshot v1, https://goo.gl/fbAQLP

exports[`Login should render the page 1`] = `
<div>
  
    
  <div>
    
      
    <h1>
      Login
    </h1>
    
      
    <form
      id="login-form"
    >
      
        
      <input
        id="email"
        type="email"
      />
      
        
      <input
        id="password"
        type="password"
      />
      
        
      <button>
         Entrar 
      </button>
      
      
    </form>
    
    
  </div>
  
  
</div>
`;
